7 Kandidaten aus einreichung_top20.csv

Hotspot-Angaben fuer 47 Designs gefunden
Referenz geladen: 6ARU.pdb
Referenz geladen: structures/1IVO.pdb
Referenz geladen: structures/1YY9.pdb

====================================================================================================
1  SEQUENZ-SCHWACHSTELLEN

                      Design  Len   pI  Ladung74  GRAVY Hydrophob  Cys  Met  NGlyc  Deamid  MaxHydLauf
EGFRpH_B2_l53_s725081_mpnn13   53 4.65      -5.9  -1.37       28%    0    1      0       0           2
  EGFRpH_C_l55_s661569_mpnn6   55 5.43      -2.9  -0.67       35%    0    2      0       1           4
  EGFRpH_C_l45_s295112_mpnn1   45 5.12      -2.0  -0.75       33%    0    1      1       0           3
  EGFRpH_C_l54_s137423_mpnn3   54 4.88      -3.9  -1.34       26%    0    2      0       0           4
  EGFRpH_C_l45_s295112_mpnn2   45 7.65       0.0  -0.96       31%    0    1      1       0           3
 EGFRpH_B2_l53_s725081_mpnn9   53 4.96      -3.9  -1.39       30%    0    1      0       0           2
  EGFRpH_C_l55_s661569_mpnn4   55 4.87      -4.9  -0.66       35%    0    2      0       1           4

  Cys>0 = Risiko falscher Disulfide.  Deamid = NG/NS, Alterungsmotive.
  MaxHydLauf > 5 = zusammenhaengender hydrophober Abschnitt, Aggregationsrisiko.
  NGlyc im Binder ist bei zellfreier Herstellung folgenlos, bei Zellen nicht.

====================================================================================================
2  AEHNLICHKEIT DER KANDIDATEN UNTEREINANDER

                       B2_l53_s725081  C_l55_s661569_  C_l45_s295112_  C_l54_s137423_  C_l45_s295112_  B2_l53_s725081  C_l55_s661569_
B2_l53_s725081_mpnn13             100              30              20              21              27              85              32
C_l55_s661569_mpnn6                30             100              29              15              22              25              89
C_l45_s295112_mpnn1                20              29             100              24              80              27              29
C_l54_s137423_mpnn3                21              15              24             100              18              23              19
C_l45_s295112_mpnn2                27              22              80              18             100              29              22
B2_l53_s725081_mpnn9               85              25              27              23              29             100              26
C_l55_s661569_mpnn4                32              89              29              19              22              26             100

  Sehr aehnliche Paare (>=70% Identitaet):
    B2_l53_s725081_mpnn13  /  B2_l53_s725081_mpnn9   85%
    C_l55_s661569_mpnn6  /  C_l55_s661569_mpnn4   89%
    C_l45_s295112_mpnn1  /  C_l45_s295112_mpnn2   80%
  Diese belegen zwei Plaetze, verhalten sich experimentell aber vermutlich gleich.

====================================================================================================
3  GRENZFLAECHE UNABHAENGIG NACHGERECHNET   4  BINDER ALLEIN   5  EPITOP

┌───────────────────────────────────────────────────────────────────────────────┐
│                                  PyRosetta-4                                  │
│               Created in JHU by Sergey Lyskov and PyRosetta Team              │
│               (C) Copyright Rosetta Commons Member Institutions               │
│                                                                               │
│ NOTE: USE OF PyRosetta FOR COMMERCIAL PURPOSES REQUIRES PURCHASE OF A LICENSE │
│          See LICENSE.PyRosetta.md or email license@uw.edu for details         │
└───────────────────────────────────────────────────────────────────────────────┘
PyRosetta-4 2026 [Rosetta PyRosetta4.Release.python310.ubuntu.cxx11thread.serialization 2026.29+releasequarterly.80a0635615099e1b918474a63acba7b1de6fd107 2026-07-14T16:24:11] retrieved from: http://www.pyrosetta.org
Design                               dG    dSASA     SC  unsat  nRes    Binder  expHyd
EGFRpH_B2_l53_s725081_mpnn13      -56.4     2139   0.58    6.0    61    -121.9   22.5%
EGFRpH_C_l55_s661569_mpnn6        -30.9     1896   0.56   15.0    58    -150.1   14.1%
EGFRpH_C_l45_s295112_mpnn1        -32.1     1281   0.73    4.0    50    -107.2   18.8%
EGFRpH_C_l54_s137423_mpnn3        -34.5     1496   0.60    9.0    56    -134.8   14.8%
EGFRpH_C_l45_s295112_mpnn2        -27.1     1256   0.63    4.0    48    -115.3   18.4%
EGFRpH_B2_l53_s725081_mpnn9       -52.6     1945   0.63    8.0    66    -123.4   21.7%
EGFRpH_C_l55_s661569_mpnn4        -36.2     1775   0.57   18.0    59    -142.6   14.7%

  dG/dSASA unabhaengig von den BindCraft-Zahlen gerechnet. Grosse
  Abweichungen nach oben waeren ein Warnsignal.
  expHyd = Anteil hydrophober Oberflaeche am freien Binder; ueber etwa 35% steigt das Aggregationsrisiko.

====================================================================================================
6  GLYKOSYLIERUNG IM EPITOP   7  STERIK IN MEHREREN REZEPTORZUSTAENDEN

--- EGFRpH_B2_l53_s725081_mpnn13
    Sequenzabgleich: stimmt mit der Struktur ueberein (53 aa)
    Zielpatch EGFR_d3_trim.pdb: Versatz +309, Ueberlagerung RMSD 0.73 A ueber 146 CA
    Epitop in Rezeptornummerierung (31 Reste): 316, 317, 318, 321, 322, 323, 324, 325, 326, 343, 344, 346, 348, 349, 350, 353, 354, 355 ...
    Hotspots 431/434/436: keiner getroffen
       6ARU: Clashes 114, Atome<5A 234, min 0.15 A   [C:185, D:49]
       Glykosylierungsstellen innerhalb 10 A: N328 (4.1 A)
    1IVO: Rezeptor-Ueberlagerung 16.9 A - andere Konformation, nicht verwertbar
    1YY9: Rezeptor ueberlagert, RMSD 0.68 A ueber 609 CA
       1YY9: Clashes 121, Atome<5A 248, min 0.18 A   [A:5, B:46, D:197]

--- EGFRpH_C_l55_s661569_mpnn6
    Sequenzabgleich: stimmt mit der Struktur ueberein (55 aa)
    Zielpatch EGFR_6aru_patchC.pdb: Versatz +299, Ueberlagerung RMSD 1.07 A ueber 151 CA
    Epitop in Rezeptornummerierung (28 Reste): 323, 324, 325, 346, 348, 349, 350, 353, 355, 356, 357, 358, 380, 382, 384, 408, 409, 411 ...
    Hotspots 323/344/355: 323, 355
       6ARU: Clashes 364, Atome<5A 581, min 0.17 A   [A:3, B:23, C:513, D:42]
       Glykosylierungsstellen innerhalb 10 A: N328 (7.3 A), N389 (9.6 A), N420 (4.7 A)
    1IVO: Rezeptor-Ueberlagerung 16.9 A - andere Konformation, nicht verwertbar
    1YY9: Rezeptor ueberlagert, RMSD 0.68 A ueber 609 CA
       1YY9: Clashes 377, Atome<5A 598, min 0.23 A   [A:10, B:35, C:23, D:530]

--- EGFRpH_C_l45_s295112_mpnn1
    Sequenzabgleich: stimmt mit der Struktur ueberein (45 aa)
    Zielpatch EGFR_6aru_patchC.pdb: Versatz +299, Ueberlagerung RMSD 0.96 A ueber 151 CA
    Epitop in Rezeptornummerierung (17 Reste): 316, 317, 322, 323, 324, 325, 348, 349, 350, 353, 354, 355, 356, 357, 358, 359, 384
    Hotspots 323/344/355: 323, 355
       6ARU: Clashes 174, Atome<5A 276, min 0.09 A   [C:232, D:44]
       Glykosylierungsstellen innerhalb 10 A: N328 (8.2 A)
    1IVO: Rezeptor-Ueberlagerung 16.9 A - andere Konformation, nicht verwertbar
    1YY9: Rezeptor ueberlagert, RMSD 0.68 A ueber 609 CA
       1YY9: Clashes 181, Atome<5A 289, min 0.22 A   [A:2, B:35, D:252]

--- EGFRpH_C_l54_s137423_mpnn3
    Sequenzabgleich: stimmt mit der Struktur ueberein (54 aa)
    Zielpatch EGFR_6aru_patchC.pdb: Versatz +299, Ueberlagerung RMSD 0.92 A ueber 151 CA
    Epitop in Rezeptornummerierung (24 Reste): 316, 317, 323, 324, 325, 346, 348, 349, 350, 353, 355, 356, 357, 358, 382, 384, 385, 408 ...
    Hotspots 323/344/355: 323, 355
       6ARU: Clashes 341, Atome<5A 524, min 0.20 A   [A:4, B:64, C:420, D:36]
       Glykosylierungsstellen innerhalb 10 A: N328 (6.9 A), N420 (9.4 A)
    1IVO: Rezeptor-Ueberlagerung 16.9 A - andere Konformation, nicht verwertbar
    1YY9: Rezeptor ueberlagert, RMSD 0.68 A ueber 609 CA
       1YY9: Clashes 344, Atome<5A 533, min 0.19 A   [A:8, B:26, C:81, D:418]

--- EGFRpH_C_l45_s295112_mpnn2
    Sequenzabgleich: stimmt mit der Struktur ueberein (45 aa)
    Zielpatch EGFR_6aru_patchC.pdb: Versatz +299, Ueberlagerung RMSD 1.37 A ueber 151 CA
    Epitop in Rezeptornummerierung (18 Reste): 316, 317, 322, 323, 324, 325, 348, 349, 350, 353, 354, 355, 356, 357, 358, 359, 384, 409
    Hotspots 323/344/355: 323, 355
       6ARU: Clashes 161, Atome<5A 263, min 0.10 A   [C:210, D:53]
       Glykosylierungsstellen innerhalb 10 A: N328 (8.2 A)
    1IVO: Rezeptor-Ueberlagerung 16.9 A - andere Konformation, nicht verwertbar
    1YY9: Rezeptor ueberlagert, RMSD 0.68 A ueber 609 CA
       1YY9: Clashes 166, Atome<5A 268, min 0.35 A   [A:3, B:42, D:223]

--- EGFRpH_B2_l53_s725081_mpnn9
    Sequenzabgleich: stimmt mit der Struktur ueberein (53 aa)
    Zielpatch EGFR_d3_trim.pdb: Versatz +309, Ueberlagerung RMSD 0.69 A ueber 146 CA
    Epitop in Rezeptornummerierung (30 Reste): 316, 317, 318, 321, 322, 323, 324, 325, 326, 342, 344, 346, 348, 349, 350, 353, 354, 355 ...
    Hotspots 431/434/436: keiner getroffen
       6ARU: Clashes 125, Atome<5A 250, min 0.22 A   [C:199, D:51]
       Glykosylierungsstellen innerhalb 10 A: N328 (4.1 A)
    1IVO: Rezeptor-Ueberlagerung 16.9 A - andere Konformation, nicht verwertbar
    1YY9: Rezeptor ueberlagert, RMSD 0.68 A ueber 609 CA
       1YY9: Clashes 126, Atome<5A 265, min 0.21 A   [A:5, B:45, D:215]

--- EGFRpH_C_l55_s661569_mpnn4
    Sequenzabgleich: stimmt mit der Struktur ueberein (55 aa)
    Zielpatch EGFR_6aru_patchC.pdb: Versatz +299, Ueberlagerung RMSD 1.14 A ueber 151 CA
    Epitop in Rezeptornummerierung (26 Reste): 325, 346, 348, 349, 350, 353, 355, 356, 357, 358, 380, 382, 384, 408, 409, 411, 412, 415 ...
    Hotspots 323/344/355: 355
       6ARU: Clashes 361, Atome<5A 566, min 0.13 A   [A:6, B:22, C:514, D:24]
       Glykosylierungsstellen innerhalb 10 A: N328 (7.8 A), N420 (7.3 A)
    1IVO: Rezeptor-Ueberlagerung 16.9 A - andere Konformation, nicht verwertbar
    1YY9: Rezeptor ueberlagert, RMSD 0.68 A ueber 609 CA
       1YY9: Clashes 380, Atome<5A 589, min 0.10 A   [A:10, B:17, C:25, D:537]

====================================================================================================
UEBERSICHT

                      Design  SeqOK  Epitop Hotspots  6ARU_clash  6ARU_min  Glyc  1YY9_clash  1YY9_min
EGFRpH_B2_l53_s725081_mpnn13   True      31      0/3         114      0.15     1         121      0.18
  EGFRpH_C_l55_s661569_mpnn6   True      28      2/3         364      0.17     3         377      0.23
  EGFRpH_C_l45_s295112_mpnn1   True      17      2/3         174      0.09     1         181      0.22
  EGFRpH_C_l54_s137423_mpnn3   True      24      2/3         341      0.20     2         344      0.19
  EGFRpH_C_l45_s295112_mpnn2   True      18      2/3         161      0.10     1         166      0.35
 EGFRpH_B2_l53_s725081_mpnn9   True      30      0/3         125      0.22     1         126      0.21
  EGFRpH_C_l55_s661569_mpnn4   True      26      1/3         361      0.13     2         380      0.10

geschrieben: abschlusspruefung.csv

In 1IVO sind die Ketten C und D das gebundene EGF. Treffer dort sind
kein Ausschlussgrund - Cetuximab bindet dieselbe Region.

NICHT GEPRUEFT, und von Hand nachzuholen:
  - Aehnlichkeit zu natuerlichen Proteinen (BLAST gegen nr). Ein Design, das
    einem bekannten Protein stark aehnelt, wirkt in einer Einreichung schlecht.
  - Faltung der Sequenz ohne das Ziel (braucht AlphaFold2, also GPU).
  - Bindung an HER2/HER3/HER4 (ebenfalls Strukturvorhersage).

